C:/Users/a0510281/Documents/python2026/New_Vending_Machine_2026/New_Vending_Machine/.venv/Scripts/python.exe : 
315 INFO: PyInstaller: 6.17.0, contrib hooks: 2025.11
At line:1 char:1
+ C:/Users/a0510281/Documents/python2026/New_Vending_Machine_2026/New_V ...
+ ~~~~~~~~~~~~~~~~~~~~~~~~~~~~~~~~~~~~~~~~~~~~~~~~~~~~~~~~~~~~~~~~~~~~~
    + CategoryInfo          : NotSpecified: (315 INFO: PyIns... hooks: 2025.11:String) [], RemoteException
    + FullyQualifiedErrorId : NativeCommandError
 
315 INFO: Python: 3.11.2
404 INFO: Platform: Windows-10-10.0.22631-SP0
405 INFO: Python environment: 
C:\Users\a0510281\Documents\python2026\New_Vending_Machine_2026\New_Vending_Machine\.venv
425 INFO: Module search paths (PYTHONPATH):
['C:\\Users\\a0510281\\Documents\\python2026\\New_Vending_Machine_2026\\New_Vending_Machine',
 'C:\\Users\\a0510281\\AppData\\Local\\Programs\\Python\\Python311\\python311.zip',
 'C:\\Users\\a0510281\\AppData\\Local\\Programs\\Python\\Python311\\DLLs',
 'C:\\Users\\a0510281\\AppData\\Local\\Programs\\Python\\Python311\\Lib',
 'C:\\Users\\a0510281\\AppData\\Local\\Programs\\Python\\Python311',
 'C:\\Users\\a0510281\\Documents\\python2026\\New_Vending_Machine_2026\\New_Vending_Machine\\.venv',
 'C:\\Users\\a0510281\\Documents\\python2026\\New_Vending_Machine_2026\\New_Vending_Machine\\.venv\\Lib\\site-pack
ages',
 'C:\\Users\\a0510281\\Documents\\python2026\\New_Vending_Machine_2026\\New_Vending_Machine']
1558 INFO: Appending 'datas' from .spec
1568 INFO: checking Analysis
1569 INFO: Building Analysis because Analysis-00.toc is non existent
1569 INFO: Looking for Python shared library...
1569 INFO: Using Python shared library: C:\Users\a0510281\AppData\Local\Programs\Python\Python311\python311.dll
1570 INFO: Running Analysis Analysis-00.toc
1570 INFO: Target bytecode optimization level: 0
1570 INFO: Initializing module dependency graph...
1577 INFO: Initializing module graph hook caches...
1634 INFO: Analyzing modules for base_library.zip ...
5343 INFO: Processing standard module hook 'hook-heapq.py' from 'C:\\Users\\a0510281\\Documents\\python2026\\New_V
ending_Machine_2026\\New_Vending_Machine\\.venv\\Lib\\site-packages\\PyInstaller\\hooks'
5474 INFO: Processing standard module hook 'hook-encodings.py' from 'C:\\Users\\a0510281\\Documents\\python2026\\N
ew_Vending_Machine_2026\\New_Vending_Machine\\.venv\\Lib\\site-packages\\PyInstaller\\hooks'
8703 INFO: Processing standard module hook 'hook-pickle.py' from 'C:\\Users\\a0510281\\Documents\\python2026\\New_
Vending_Machine_2026\\New_Vending_Machine\\.venv\\Lib\\site-packages\\PyInstaller\\hooks'
11280 INFO: Caching module dependency graph...
11377 INFO: Analyzing C:\Users\a0510281\Documents\python2026\New_Vending_Machine_2026\New_Vending_Machine\app.py
12586 INFO: Processing pre-safe-import-module hook 'hook-typing_extensions.py' from 'C:\\Users\\a0510281\\Document
s\\python2026\\New_Vending_Machine_2026\\New_Vending_Machine\\.venv\\Lib\\site-packages\\PyInstaller\\hooks\\pre_s
afe_import_module'
12589 INFO: SetuptoolsInfo: initializing cached setuptools info...
14617 INFO: Processing standard module hook 'hook-multiprocessing.util.py' from 'C:\\Users\\a0510281\\Documents\\p
ython2026\\New_Vending_Machine_2026\\New_Vending_Machine\\.venv\\Lib\\site-packages\\PyInstaller\\hooks'
14854 INFO: Processing standard module hook 'hook-xml.py' from 'C:\\Users\\a0510281\\Documents\\python2026\\New_Ve
nding_Machine_2026\\New_Vending_Machine\\.venv\\Lib\\site-packages\\PyInstaller\\hooks'
15197 INFO: Processing standard module hook 'hook-_ctypes.py' from 'C:\\Users\\a0510281\\Documents\\python2026\\Ne
w_Vending_Machine_2026\\New_Vending_Machine\\.venv\\Lib\\site-packages\\PyInstaller\\hooks'
16739 INFO: Processing standard module hook 'hook-cryptography.py' from 'C:\\Users\\a0510281\\Documents\\python202
6\\New_Vending_Machine_2026\\New_Vending_Machine\\.venv\\Lib\\site-packages\\_pyinstaller_hooks_contrib\\stdhooks'
20760 INFO: hook-cryptography: cryptography does not seem to be using dynamically linked OpenSSL.
21359 INFO: Processing standard module hook 'hook-platform.py' from 'C:\\Users\\a0510281\\Documents\\python2026\\N
ew_Vending_Machine_2026\\New_Vending_Machine\\.venv\\Lib\\site-packages\\PyInstaller\\hooks'
21553 INFO: Processing standard module hook 'hook-sysconfig.py' from 'C:\\Users\\a0510281\\Documents\\python2026\\
New_Vending_Machine_2026\\New_Vending_Machine\\.venv\\Lib\\site-packages\\PyInstaller\\hooks'
22048 INFO: Processing standard module hook 'hook-difflib.py' from 'C:\\Users\\a0510281\\Documents\\python2026\\Ne
w_Vending_Machine_2026\\New_Vending_Machine\\.venv\\Lib\\site-packages\\PyInstaller\\hooks'
22342 INFO: Processing standard module hook 'hook-jinja2.py' from 'C:\\Users\\a0510281\\Documents\\python2026\\New
_Vending_Machine_2026\\New_Vending_Machine\\.venv\\Lib\\site-packages\\_pyinstaller_hooks_contrib\\stdhooks'
22966 INFO: Processing pre-safe-import-module hook 'hook-importlib_metadata.py' from 'C:\\Users\\a0510281\\Documen
ts\\python2026\\New_Vending_Machine_2026\\New_Vending_Machine\\.venv\\Lib\\site-packages\\PyInstaller\\hooks\\pre_
safe_import_module'
23143 INFO: Processing standard module hook 'hook-sqlite3.py' from 'C:\\Users\\a0510281\\Documents\\python2026\\Ne
w_Vending_Machine_2026\\New_Vending_Machine\\.venv\\Lib\\site-packages\\PyInstaller\\hooks'
24086 INFO: Processing standard module hook 'hook-urllib3.py' from 'C:\\Users\\a0510281\\Documents\\python2026\\Ne
w_Vending_Machine_2026\\New_Vending_Machine\\.venv\\Lib\\site-packages\\_pyinstaller_hooks_contrib\\stdhooks'
24138 INFO: Processing pre-safe-import-module hook 'hook-urllib3.packages.six.moves.py' from 'C:\\Users\\a0510281\
\Documents\\python2026\\New_Vending_Machine_2026\\New_Vending_Machine\\.venv\\Lib\\site-packages\\PyInstaller\\hoo
ks\\pre_safe_import_module'
25382 INFO: Processing standard module hook 'hook-charset_normalizer.py' from 'C:\\Users\\a0510281\\Documents\\pyt
hon2026\\New_Vending_Machine_2026\\New_Vending_Machine\\.venv\\Lib\\site-packages\\_pyinstaller_hooks_contrib\\std
hooks'
25629 INFO: Processing standard module hook 'hook-certifi.py' from 'C:\\Users\\a0510281\\Documents\\python2026\\Ne
w_Vending_Machine_2026\\New_Vending_Machine\\.venv\\Lib\\site-packages\\_pyinstaller_hooks_contrib\\stdhooks'
26119 INFO: Processing standard module hook 'hook-speech_recognition.py' from 'C:\\Users\\a0510281\\Documents\\pyt
hon2026\\New_Vending_Machine_2026\\New_Vending_Machine\\.venv\\Lib\\site-packages\\_pyinstaller_hooks_contrib\\std
hooks'
26291 INFO: Processing pre-safe-import-module hook 'hook-distutils.py' from 'C:\\Users\\a0510281\\Documents\\pytho
n2026\\New_Vending_Machine_2026\\New_Vending_Machine\\.venv\\Lib\\site-packages\\PyInstaller\\hooks\\pre_safe_impo
rt_module'
26292 INFO: Processing pre-find-module-path hook 'hook-distutils.py' from 'C:\\Users\\a0510281\\Documents\\python2
026\\New_Vending_Machine_2026\\New_Vending_Machine\\.venv\\Lib\\site-packages\\PyInstaller\\hooks\\pre_find_module
_path'
28136 INFO: Processing standard module hook 'hook-distutils.py' from 'C:\\Users\\a0510281\\Documents\\python2026\\
New_Vending_Machine_2026\\New_Vending_Machine\\.venv\\Lib\\site-packages\\PyInstaller\\hooks'
28159 INFO: Processing standard module hook 'hook-google.api_core.py' from 'C:\\Users\\a0510281\\Documents\\python
2026\\New_Vending_Machine_2026\\New_Vending_Machine\\.venv\\Lib\\site-packages\\_pyinstaller_hooks_contrib\\stdhoo
ks'
